Mar 13 11:39:23 localhost sshd[5281]: Connection closed by authenticating user root 159.203.12.184 port 47768 [preauth]
Mar 13 11:39:37 localhost sshd[5283]: Accepted password for root from 104.45.201.69 port 28800 ssh2
Mar 13 11:39:37 localhost sshd[5283]: pam_unix(sshd:session): session opened for user root(uid=0) by (uid=0)
Mar 13 11:39:37 localhost systemd-logind[607]: New session 108 of user root.
Mar 13 11:39:37 localhost systemd: pam_unix(systemd-user:session): session opened for user root(uid=0) by (uid=0)
Mar 13 11:39:49 localhost sshd[5351]: Accepted password for root from 74.249.15.38 port 38080 ssh2
Mar 13 11:39:49 localhost sshd[5351]: pam_unix(sshd:session): session opened for user root(uid=0) by (uid=0)
Mar 13 11:39:49 localhost systemd-logind[607]: New session 110 of user root.
Mar 13 11:39:55 localhost sshd[5283]: Received disconnect from 104.45.201.69 port 28800:11: disconnected by user
Mar 13 11:39:55 localhost sshd[5283]: Disconnected from user root 104.45.201.69 port 28800
Mar 13 11:39:55 localhost sshd[5283]: pam_unix(sshd:session): session closed for user root
Mar 13 11:39:55 localhost systemd-logind[607]: Session 108 logged out. Waiting for processes to exit.
Mar 13 11:39:55 localhost systemd-logind[607]: Removed session 108.
Mar 13 11:40:06 localhost sshd[5351]: Received disconnect from 74.249.15.38 port 38080:11: disconnected by user
Mar 13 11:40:06 localhost sshd[5351]: Disconnected from user root 74.249.15.38 port 38080
Mar 13 11:40:06 localhost sshd[5351]: pam_unix(sshd:session): session closed for user root
Mar 13 11:40:06 localhost systemd-logind[607]: Session 110 logged out. Waiting for processes to exit.
Mar 13 11:40:06 localhost systemd-logind[607]: Removed session 110.
Mar 13 11:40:19 localhost sshd[5405]: Invalid user xlm from 92.118.39.75 port 44588
Mar 13 11:40:19 localhost sshd[5405]: pam_unix(sshd:auth): check pass; user unknown
Mar 13 11:40:19 localhost sshd[5405]: pam_unix(sshd:auth): authentication failure; logname= uid=0 euid=0 tty=ssh ruser= rhost=92.118.39.75 
Mar 13 11:40:21 localhost sshd[5405]: Failed password for invalid user xlm from 92.118.39.75 port 44588 ssh2
Mar 13 11:40:24 localhost sshd[5405]: Connection closed by invalid user xlm 92.118.39.75 port 44588 [preauth]
Mar 13 11:40:53 localhost sshd[5407]: Invalid user dolphinscheduler from 206.189.114.49 port 49998
Mar 13 11:40:53 localhost sshd[5407]: pam_unix(sshd:auth): check pass; user unknown
Mar 13 11:40:53 localhost sshd[5407]: pam_unix(sshd:auth): authentication failure; logname= uid=0 euid=0 tty=ssh ruser= rhost=206.189.114.49 
Mar 13 11:40:55 localhost sshd[5407]: Failed password for invalid user dolphinscheduler from 206.189.114.49 port 49998 ssh2
Mar 13 11:40:56 localhost sshd[5407]: Connection closed by invalid user dolphinscheduler 206.189.114.49 port 49998 [preauth]
Mar 13 11:41:02 localhost sshd[5409]: Connection closed by authenticating user root 52.234.42.156 port 7296 [preauth]
Mar 13 11:41:04 localhost sshd[5411]: Accepted password for root from 20.81.159.148 port 32192 ssh2
Mar 13 11:41:04 localhost sshd[5411]: pam_unix(sshd:session): session opened for user root(uid=0) by (uid=0)
Mar 13 11:41:04 localhost systemd-logind[607]: New session 111 of user root.
Mar 13 11:41:04 localhost systemd: pam_unix(systemd-user:session): session opened for user root(uid=0) by (uid=0)
Mar 13 11:41:05 localhost sshd[5411]: Received disconnect from 20.81.159.148 port 32192:11: disconnected by user
Mar 13 11:41:05 localhost sshd[5411]: Disconnected from user root 20.81.159.148 port 32192
Mar 13 11:41:05 localhost sshd[5411]: pam_unix(sshd:session): session closed for user root
Mar 13 11:41:05 localhost systemd-logind[607]: Session 111 logged out. Waiting for processes to exit.
Mar 13 11:41:05 localhost systemd-logind[607]: Removed session 111.
Mar 13 11:41:06 localhost sshd[5481]: Accepted password for root from 20.81.159.148 port 32193 ssh2
Mar 13 11:41:06 localhost sshd[5481]: pam_unix(sshd:session): session opened for user root(uid=0) by (uid=0)
Mar 13 11:41:06 localhost systemd-logind[607]: New session 113 of user root.
Mar 13 11:41:08 localhost sshd[5481]: Received disconnect from 20.81.159.148 port 32193:11: disconnected by user
Mar 13 11:41:08 localhost sshd[5481]: Disconnected from user root 20.81.159.148 port 32193
Mar 13 11:41:08 localhost sshd[5481]: pam_unix(sshd:session): session closed for user root
Mar 13 11:41:08 localhost systemd-logind[607]: Session 113 logged out. Waiting for processes to exit.
Mar 13 11:41:08 localhost systemd-logind[607]: Removed session 113.
Mar 13 11:43:51 localhost sshd[5533]: Accepted password for root from 20.42.50.125 port 10344 ssh2
Mar 13 11:43:51 localhost sshd[5533]: pam_unix(sshd:session): session opened for user root(uid=0) by (uid=0)
Mar 13 11:43:51 localhost systemd-logind[607]: New session 114 of user root.
Mar 13 11:43:51 localhost systemd: pam_unix(systemd-user:session): session opened for user root(uid=0) by (uid=0)
Mar 13 11:43:52 localhost sshd[5535]: Accepted password for root from 20.172.29.25 port 22600 ssh2
Mar 13 11:43:52 localhost sshd[5535]: pam_unix(sshd:session): session opened for user root(uid=0) by (uid=0)
Mar 13 11:43:52 localhost systemd-logind[607]: New session 116 of user root.
Mar 13 11:44:08 localhost sshd[5533]: Received disconnect from 20.42.50.125 port 10344:11: disconnected by user
Mar 13 11:44:08 localhost sshd[5533]: Disconnected from user root 20.42.50.125 port 10344
Mar 13 11:44:08 localhost sshd[5533]: pam_unix(sshd:session): session closed for user root
Mar 13 11:44:08 localhost systemd-logind[607]: Session 114 logged out. Waiting for processes to exit.
Mar 13 11:44:08 localhost systemd-logind[607]: Removed session 114.
Mar 13 11:44:17 localhost sshd[5535]: Received disconnect from 20.172.29.25 port 22600:11: disconnected by user
Mar 13 11:44:17 localhost sshd[5535]: Disconnected from user root 20.172.29.25 port 22600
Mar 13 11:44:17 localhost sshd[5535]: pam_unix(sshd:session): session closed for user root
Mar 13 11:44:17 localhost systemd-logind[607]: Session 116 logged out. Waiting for processes to exit.
Mar 13 11:44:17 localhost systemd-logind[607]: Removed session 116.
Mar 13 11:45:01 localhost CRON[5652]: pam_unix(cron:session): session opened for user root(uid=0) by (uid=0)
Mar 13 11:45:01 localhost CRON[5652]: pam_unix(cron:session): session closed for user root
Mar 13 11:45:31 localhost sshd[5655]: Accepted password for root from 20.43.245.206 port 44032 ssh2
Mar 13 11:45:31 localhost sshd[5655]: pam_unix(sshd:session): session opened for user root(uid=0) by (uid=0)
Mar 13 11:45:31 localhost systemd-logind[607]: New session 118 of user root.
Mar 13 11:45:31 localhost systemd: pam_unix(systemd-user:session): session opened for user root(uid=0) by (uid=0)
Mar 13 11:45:40 localhost sshd[5724]: pam_unix(sshd:auth): authentication failure; logname= uid=0 euid=0 tty=ssh ruser= rhost=159.203.12.184  user=root
Mar 13 11:45:42 localhost sshd[5724]: Failed password for root from 159.203.12.184 port 47852 ssh2
Mar 13 11:45:43 localhost sshd[5724]: Connection closed by authenticating user root 159.203.12.184 port 47852 [preauth]
Mar 13 11:45:58 localhost sshd[5655]: Received disconnect from 20.43.245.206 port 44032:11: disconnected by user
Mar 13 11:45:58 localhost sshd[5655]: Disconnected from user root 20.43.245.206 port 44032
Mar 13 11:45:58 localhost sshd[5655]: pam_unix(sshd:session): session closed for user root
Mar 13 11:45:58 localhost systemd-logind[607]: Session 118 logged out. Waiting for processes to exit.
Mar 13 11:45:58 localhost systemd-logind[607]: Removed session 118.
Mar 13 11:46:39 localhost sshd[5728]: Invalid user avax from 92.118.39.75 port 54068
Mar 13 11:46:39 localhost sshd[5728]: pam_unix(sshd:auth): check pass; user unknown
Mar 13 11:46:39 localhost sshd[5728]: pam_unix(sshd:auth): authentication failure; logname= uid=0 euid=0 tty=ssh ruser= rhost=92.118.39.75 
Mar 13 11:46:42 localhost sshd[5728]: Failed password for invalid user avax from 92.118.39.75 port 54068 ssh2
Mar 13 11:46:45 localhost sshd[5728]: Connection closed by invalid user avax 92.118.39.75 port 54068 [preauth]
Mar 13 11:46:56 localhost sshd[5730]: pam_unix(sshd:auth): authentication failure; logname= uid=0 euid=0 tty=ssh ruser= rhost=115.247.46.122  user=root
Mar 13 11:46:58 localhost sshd[5730]: Failed password for root from 115.247.46.122 port 49328 ssh2
Mar 13 11:46:59 localhost sshd[5730]: Received disconnect from 115.247.46.122 port 49328:11: Bye Bye [preauth]
Mar 13 11:46:59 localhost sshd[5730]: Disconnected from authenticating user root 115.247.46.122 port 49328 [preauth]
Mar 13 11:47:15 localhost sshd[5732]: Accepted password for root from 74.235.134.190 port 19584 ssh2
Mar 13 11:47:15 localhost sshd[5732]: pam_unix(sshd:session): session opened for user root(uid=0) by (uid=0)
Mar 13 11:47:15 localhost systemd-logind[607]: New session 120 of user root.
Mar 13 11:47:15 localhost systemd: pam_unix(systemd-user:session): session opened for user root(uid=0) by (uid=0)
Mar 13 11:47:17 localhost sshd[5734]: Accepted password for root from 52.234.38.193 port 41088 ssh2
Mar 13 11:47:17 localhost sshd[5734]: pam_unix(sshd:session): session opened for user root(uid=0) by (uid=0)
Mar 13 11:47:17 localhost systemd-logind[607]: New session 122 of user root.
Mar 13 11:47:33 localhost sshd[5732]: Received disconnect from 74.235.134.190 port 19584:11: disconnected by user
Mar 13 11:47:33 localhost sshd[5732]: Disconnected from user root 74.235.134.190 port 19584
Mar 13 11:47:33 localhost sshd[5732]: pam_unix(sshd:session): session closed for user root
Mar 13 11:47:33 localhost systemd-logind[607]: Session 120 logged out. Waiting for processes to exit.
Mar 13 11:47:33 localhost systemd-logind[607]: Removed session 120.
Mar 13 11:47:43 localhost sshd[5734]: Received disconnect from 52.234.38.193 port 41088:11: disconnected by user
Mar 13 11:47:43 localhost sshd[5734]: Disconnected from user root 52.234.38.193 port 41088
Mar 13 11:47:43 localhost sshd[5734]: pam_unix(sshd:session): session closed for user root
Mar 13 11:47:43 localhost systemd-logind[607]: Session 122 logged out. Waiting for processes to exit.
Mar 13 11:47:43 localhost systemd-logind[607]: Removed session 122.
Mar 13 11:47:49 localhost sshd[5850]: Invalid user dolphinscheduler from 206.189.114.49 port 34146
Mar 13 11:47:49 localhost sshd[5850]: pam_unix(sshd:auth): check pass; user unknown
Mar 13 11:47:49 localhost sshd[5850]: pam_unix(sshd:auth): authentication failure; logname= uid=0 euid=0 tty=ssh ruser= rhost=206.189.114.49 
Mar 13 11:47:51 localhost sshd[5850]: Failed password for invalid user dolphinscheduler from 206.189.114.49 port 34146 ssh2
Mar 13 11:47:52 localhost sshd[5850]: Connection closed by invalid user dolphinscheduler 206.189.114.49 port 34146 [preauth]
Mar 13 11:48:58 localhost sshd[5854]: pam_unix(sshd:auth): authentication failure; logname= uid=0 euid=0 tty=ssh ruser= rhost=115.247.46.122  user=root
Mar 13 11:49:00 localhost sshd[5854]: Failed password for root from 115.247.46.122 port 50722 ssh2
Mar 13 11:49:01 localhost sshd[5854]: Received disconnect from 115.247.46.122 port 50722:11: Bye Bye [preauth]
Mar 13 11:49:01 localhost sshd[5854]: Disconnected from authenticating user root 115.247.46.122 port 50722 [preauth]
Mar 13 11:49:41 localhost sshd[5856]: Accepted password for root from 52.234.7.21 port 47296 ssh2
Mar 13 11:49:41 localhost sshd[5856]: pam_unix(sshd:session): session opened for user root(uid=0) by (uid=0)
Mar 13 11:49:41 localhost systemd-logind[607]: New session 123 of user root.
Mar 13 11:49:41 localhost systemd: pam_unix(systemd-user:session): session opened for user root(uid=0) by (uid=0)
Mar 13 11:50:08 localhost sshd[5856]: Received disconnect from 52.234.7.21 port 47296:11: disconnected by user
Mar 13 11:50:08 localhost sshd[5856]: Disconnected from user root 52.234.7.21 port 47296
Mar 13 11:50:08 localhost sshd[5856]: pam_unix(sshd:session): session closed for user root
Mar 13 11:50:08 localhost systemd-logind[607]: Session 123 logged out. Waiting for processes to exit.
Mar 13 11:50:08 localhost systemd-logind[607]: Removed session 123.
Mar 13 11:50:10 localhost sshd[5925]: pam_unix(sshd:auth): authentication failure; logname= uid=0 euid=0 tty=ssh ruser= rhost=115.247.46.122  user=root
Mar 13 11:50:12 localhost sshd[5925]: Failed password for root from 115.247.46.122 port 45040 ssh2
Mar 13 11:50:13 localhost sshd[5925]: Received disconnect from 115.247.46.122 port 45040:11: Bye Bye [preauth]
Mar 13 11:50:13 localhost sshd[5925]: Disconnected from authenticating user root 115.247.46.122 port 45040 [preauth]
Mar 13 11:50:53 localhost sshd[5928]: Connection closed by authenticating user root 20.25.192.4 port 38144 [preauth]
Mar 13 11:51:22 localhost sshd[5930]: Accepted password for root from 20.169.1.156 port 1792 ssh2
Mar 13 11:51:22 localhost sshd[5930]: pam_unix(sshd:session): session opened for user root(uid=0) by (uid=0)
Mar 13 11:51:22 localhost systemd-logind[607]: New session 125 of user root.
Mar 13 11:51:22 localhost systemd: pam_unix(systemd-user:session): session opened for user root(uid=0) by (uid=0)
Mar 13 11:51:24 localhost sshd[5930]: Received disconnect from 20.169.1.156 port 1792:11: disconnected by user
Mar 13 11:51:24 localhost sshd[5930]: Disconnected from user root 20.169.1.156 port 1792
Mar 13 11:51:24 localhost sshd[5930]: pam_unix(sshd:session): session closed for user root
Mar 13 11:51:24 localhost systemd-logind[607]: Session 125 logged out. Waiting for processes to exit.
Mar 13 11:51:24 localhost systemd-logind[607]: Removed session 125.
Mar 13 11:51:25 localhost sshd[6001]: pam_unix(sshd:auth): authentication failure; logname= uid=0 euid=0 tty=ssh ruser= rhost=115.247.46.122  user=root
Mar 13 11:51:26 localhost sshd[6004]: Accepted password for root from 20.169.1.156 port 1793 ssh2
Mar 13 11:51:26 localhost sshd[6004]: pam_unix(sshd:session): session opened for user root(uid=0) by (uid=0)
Mar 13 11:51:26 localhost systemd-logind[607]: New session 127 of user root.
Mar 13 11:51:27 localhost sshd[6001]: Failed password for root from 115.247.46.122 port 39362 ssh2
Mar 13 11:51:28 localhost sshd[6001]: Received disconnect from 115.247.46.122 port 39362:11: Bye Bye [preauth]
Mar 13 11:51:28 localhost sshd[6001]: Disconnected from authenticating user root 115.247.46.122 port 39362 [preauth]
Mar 13 11:51:29 localhost sshd[6004]: Received disconnect from 20.169.1.156 port 1793:11: disconnected by user
Mar 13 11:51:29 localhost sshd[6004]: Disconnected from user root 20.169.1.156 port 1793
Mar 13 11:51:29 localhost sshd[6004]: pam_unix(sshd:session): session closed for user root
Mar 13 11:51:29 localhost systemd-logind[607]: Session 127 logged out. Waiting for processes to exit.
Mar 13 11:51:29 localhost systemd-logind[607]: Removed session 127.
Mar 13 11:52:00 localhost sshd[6055]: pam_unix(sshd:auth): authentication failure; logname= uid=0 euid=0 tty=ssh ruser= rhost=159.203.12.184  user=root
Mar 13 11:52:02 localhost sshd[6055]: Failed password for root from 159.203.12.184 port 41610 ssh2
Mar 13 11:52:02 localhost sshd[6055]: Connection closed by authenticating user root 159.203.12.184 port 41610 [preauth]
Mar 13 11:52:39 localhost sshd[6057]: Accepted password for root from 20.172.29.197 port 4096 ssh2
Mar 13 11:52:39 localhost sshd[6057]: pam_unix(sshd:session): session opened for user root(uid=0) by (uid=0)
Mar 13 11:52:39 localhost systemd-logind[607]: New session 128 of user root.
Mar 13 11:52:39 localhost systemd: pam_unix(systemd-user:session): session opened for user root(uid=0) by (uid=0)
Mar 13 11:52:41 localhost sshd[6124]: pam_unix(sshd:auth): authentication failure; logname= uid=0 euid=0 tty=ssh ruser= rhost=115.247.46.122  user=root
Mar 13 11:52:43 localhost sshd[6124]: Failed password for root from 115.247.46.122 port 33688 ssh2
Mar 13 11:52:44 localhost sshd[6124]: Received disconnect from 115.247.46.122 port 33688:11: Bye Bye [preauth]
Mar 13 11:52:44 localhost sshd[6124]: Disconnected from authenticating user root 115.247.46.122 port 33688 [preauth]
Mar 13 11:52:58 localhost sshd[6127]: Invalid user matic from 92.118.39.75 port 35316
Mar 13 11:52:58 localhost sshd[6127]: pam_unix(sshd:auth): check pass; user unknown
Mar 13 11:52:58 localhost sshd[6127]: pam_unix(sshd:auth): authentication failure; logname= uid=0 euid=0 tty=ssh ruser= rhost=92.118.39.75 
Mar 13 11:53:01 localhost sshd[6127]: Failed password for invalid user matic from 92.118.39.75 port 35316 ssh2
Mar 13 11:53:02 localhost sshd[6127]: Connection closed by invalid user matic 92.118.39.75 port 35316 [preauth]
Mar 13 11:53:05 localhost sshd[6057]: Received disconnect from 20.172.29.197 port 4096:11: disconnected by user
Mar 13 11:53:05 localhost sshd[6057]: Disconnected from user root 20.172.29.197 port 4096
Mar 13 11:53:05 localhost sshd[6057]: pam_unix(sshd:session): session closed for user root
Mar 13 11:53:05 localhost systemd-logind[607]: Session 128 logged out. Waiting for processes to exit.
Mar 13 11:53:05 localhost systemd-logind[607]: Removed session 128.
Mar 13 11:53:55 localhost sshd[6130]: pam_unix(sshd:auth): authentication failure; logname= uid=0 euid=0 tty=ssh ruser= rhost=115.247.46.122  user=root
Mar 13 11:53:57 localhost sshd[6130]: Failed password for root from 115.247.46.122 port 56240 ssh2
Mar 13 11:53:58 localhost sshd[6130]: Received disconnect from 115.247.46.122 port 56240:11: Bye Bye [preauth]
Mar 13 11:53:58 localhost sshd[6130]: Disconnected from authenticating user root 115.247.46.122 port 56240 [preauth]
Mar 13 11:54:18 localhost sshd[6133]: Accepted password for root from 20.57.47.222 port 37952 ssh2
Mar 13 11:54:18 localhost sshd[6133]: pam_unix(sshd:session): session opened for user root(uid=0) by (uid=0)
Mar 13 11:54:18 localhost systemd-logind[607]: New session 130 of user root.
Mar 13 11:54:18 localhost systemd: pam_unix(systemd-user:session): session opened for user root(uid=0) by (uid=0)
Mar 13 11:54:35 localhost sshd[6133]: Received disconnect from 20.57.47.222 port 37952:11: disconnected by user
Mar 13 11:54:35 localhost sshd[6133]: Disconnected from user root 20.57.47.222 port 37952
Mar 13 11:54:35 localhost sshd[6133]: pam_unix(sshd:session): session closed for user root
Mar 13 11:54:35 localhost systemd-logind[607]: Session 130 logged out. Waiting for processes to exit.
Mar 13 11:54:35 localhost systemd-logind[607]: Removed session 130.
Mar 13 11:54:45 localhost sshd[6201]: Invalid user dolphinscheduler from 206.189.114.49 port 43454
Mar 13 11:54:45 localhost sshd[6201]: pam_unix(sshd:auth): check pass; user unknown
Mar 13 11:54:45 localhost sshd[6201]: pam_unix(sshd:auth): authentication failure; logname= uid=0 euid=0 tty=ssh ruser= rhost=206.189.114.49 
Mar 13 11:54:47 localhost sshd[6201]: Failed password for invalid user dolphinscheduler from 206.189.114.49 port 43454 ssh2
Mar 13 11:54:48 localhost sshd[6201]: Connection closed by invalid user dolphinscheduler 206.189.114.49 port 43454 [preauth]
Mar 13 11:55:01 localhost CRON[6204]: pam_unix(cron:session): session opened for user root(uid=0) by (uid=0)
Mar 13 11:55:01 localhost CRON[6204]: pam_unix(cron:session): session closed for user root
Mar 13 11:55:03 localhost sshd[6207]: Invalid user  from 170.64.233.22 port 40284
Mar 13 11:55:05 localhost sshd[6209]: pam_unix(sshd:auth): authentication failure; logname= uid=0 euid=0 tty=ssh ruser= rhost=115.247.46.122  user=root
Mar 13 11:55:07 localhost sshd[6209]: Failed password for root from 115.247.46.122 port 50558 ssh2
Mar 13 11:55:08 localhost sshd[6209]: Received disconnect from 115.247.46.122 port 50558:11: Bye Bye [preauth]
Mar 13 11:55:08 localhost sshd[6209]: Disconnected from authenticating user root 115.247.46.122 port 50558 [preauth]
Mar 13 11:55:10 localhost sshd[6207]: Connection closed by invalid user  170.64.233.22 port 40284 [preauth]
Mar 13 11:55:26 localhost sshd[6211]: Accepted password for root from 20.39.60.49 port 47168 ssh2
Mar 13 11:55:26 localhost sshd[6211]: pam_unix(sshd:session): session opened for user root(uid=0) by (uid=0)
Mar 13 11:55:26 localhost systemd-logind[607]: New session 133 of user root.
Mar 13 11:55:26 localhost systemd: pam_unix(systemd-user:session): session opened for user root(uid=0) by (uid=0)
Mar 13 11:55:43 localhost sshd[6211]: Received disconnect from 20.39.60.49 port 47168:11: disconnected by user
Mar 13 11:55:43 localhost sshd[6211]: Disconnected from user root 20.39.60.49 port 47168
Mar 13 11:55:43 localhost sshd[6211]: pam_unix(sshd:session): session closed for user root
Mar 13 11:55:43 localhost systemd-logind[607]: Session 133 logged out. Waiting for processes to exit.
Mar 13 11:55:43 localhost systemd-logind[607]: Removed session 133.
Mar 13 11:55:55 localhost sshd[6279]: pam_unix(sshd:auth): authentication failure; logname= uid=0 euid=0 tty=ssh ruser= rhost=5.238.233.228  user=root
Mar 13 11:55:57 localhost sshd[6279]: Failed password for root from 5.238.233.228 port 33594 ssh2
Mar 13 11:55:59 localhost sshd[6282]: Invalid user user2 from 170.64.233.22 port 55948
Mar 13 11:56:00 localhost sshd[6282]: pam_unix(sshd:auth): check pass; user unknown
Mar 13 11:56:00 localhost sshd[6282]: pam_unix(sshd:auth): authentication failure; logname= uid=0 euid=0 tty=ssh ruser= rhost=170.64.233.22 
Mar 13 11:56:00 localhost sshd[6279]: Failed password for root from 5.238.233.228 port 33594 ssh2
Mar 13 11:56:02 localhost sshd[6282]: Failed password for invalid user user2 from 170.64.233.22 port 55948 ssh2
Mar 13 11:56:02 localhost sshd[6284]: Accepted password for root from 20.102.199.209 port 56192 ssh2
Mar 13 11:56:02 localhost sshd[6284]: pam_unix(sshd:session): session opened for user root(uid=0) by (uid=0)
Mar 13 11:56:02 localhost systemd-logind[607]: New session 135 of user root.
Mar 13 11:56:02 localhost systemd: pam_unix(systemd-user:session): session opened for user root(uid=0) by (uid=0)
Mar 13 11:56:04 localhost sshd[6279]: Failed password for root from 5.238.233.228 port 33594 ssh2
Mar 13 11:56:04 localhost sshd[6282]: Connection closed by invalid user user2 170.64.233.22 port 55948 [preauth]
Mar 13 11:56:05 localhost sshd[6342]: pam_unix(sshd:auth): authentication failure; logname= uid=0 euid=0 tty=ssh ruser= rhost=170.64.233.22  user=root
Mar 13 11:56:07 localhost sshd[6279]: Failed password for root from 5.238.233.228 port 33594 ssh2
Mar 13 11:56:07 localhost sshd[6342]: Failed password for root from 170.64.233.22 port 52582 ssh2
Mar 13 11:56:08 localhost sshd[6342]: Connection closed by authenticating user root 170.64.233.22 port 52582 [preauth]
Mar 13 11:56:09 localhost sshd[6344]: Invalid user dolphinscheduler from 170.64.233.22 port 52598
Mar 13 11:56:10 localhost sshd[6344]: pam_unix(sshd:auth): check pass; user unknown
Mar 13 11:56:10 localhost sshd[6344]: pam_unix(sshd:auth): authentication failure; logname= uid=0 euid=0 tty=ssh ruser= rhost=170.64.233.22 
Mar 13 11:56:10 localhost sshd[6279]: Failed password for root from 5.238.233.228 port 33594 ssh2
Mar 13 11:56:11 localhost sshd[6344]: Failed password for invalid user dolphinscheduler from 170.64.233.22 port 52598 ssh2
Mar 13 11:56:12 localhost sshd[6344]: Connection closed by invalid user dolphinscheduler 170.64.233.22 port 52598 [preauth]
Mar 13 11:56:12 localhost sshd[6346]: pam_unix(sshd:auth): authentication failure; logname= uid=0 euid=0 tty=ssh ruser= rhost=115.247.46.122  user=root
Mar 13 11:56:13 localhost sshd[6279]: Failed password for root from 5.238.233.228 port 33594 ssh2
Mar 13 11:56:14 localhost sshd[6348]: Invalid user runner from 170.64.233.22 port 55962
Mar 13 11:56:14 localhost sshd[6346]: Failed password for root from 115.247.46.122 port 44880 ssh2
Mar 13 11:56:14 localhost sshd[6279]: error: maximum authentication attempts exceeded for root from 5.238.233.228 port 33594 ssh2 [preauth]
Mar 13 11:56:14 localhost sshd[6279]: Disconnecting authenticating user root 5.238.233.228 port 33594: Too many authentication failures [preauth]
Mar 13 11:56:14 localhost sshd[6279]: PAM 5 more authentication failures; logname= uid=0 euid=0 tty=ssh ruser= rhost=5.238.233.228  user=root
Mar 13 11:56:14 localhost sshd[6279]: PAM service(sshd) ignoring max retries; 6 > 3
Mar 13 11:56:14 localhost sshd[6348]: pam_unix(sshd:auth): check pass; user unknown
Mar 13 11:56:14 localhost sshd[6348]: pam_unix(sshd:auth): authentication failure; logname= uid=0 euid=0 tty=ssh ruser= rhost=170.64.233.22 
Mar 13 11:56:15 localhost sshd[6346]: Received disconnect from 115.247.46.122 port 44880:11: Bye Bye [preauth]
Mar 13 11:56:15 localhost sshd[6346]: Disconnected from authenticating user root 115.247.46.122 port 44880 [preauth]
Mar 13 11:56:16 localhost sshd[6348]: Failed password for invalid user runner from 170.64.233.22 port 55962 ssh2
Mar 13 11:56:17 localhost sshd[6348]: Connection closed by invalid user runner 170.64.233.22 port 55962 [preauth]
Mar 13 11:56:19 localhost sshd[6352]: Invalid user ubuntu from 170.64.233.22 port 55974
Mar 13 11:56:19 localhost sshd[6352]: pam_unix(sshd:auth): check pass; user unknown
Mar 13 11:56:19 localhost sshd[6352]: pam_unix(sshd:auth): authentication failure; logname= uid=0 euid=0 tty=ssh ruser= rhost=170.64.233.22 
Mar 13 11:56:22 localhost sshd[6352]: Failed password for invalid user ubuntu from 170.64.233.22 port 55974 ssh2
Mar 13 11:56:23 localhost sshd[6284]: Received disconnect from 20.102.199.209 port 56192:11: disconnected by user
Mar 13 11:56:23 localhost sshd[6284]: Disconnected from user root 20.102.199.209 port 56192
Mar 13 11:56:23 localhost sshd[6284]: pam_unix(sshd:session): session closed for user root
Mar 13 11:56:23 localhost systemd-logind[607]: Session 135 logged out. Waiting for processes to exit.
Mar 13 11:56:23 localhost systemd-logind[607]: Removed session 135.
Mar 13 11:56:23 localhost sshd[6352]: Connection closed by invalid user ubuntu 170.64.233.22 port 55974 [preauth]
Mar 13 11:56:25 localhost sshd[6354]: pam_unix(sshd:auth): authentication failure; logname= uid=0 euid=0 tty=ssh ruser= rhost=170.64.233.22  user=root
Mar 13 11:56:27 localhost sshd[6350]: Connection closed by 5.238.233.228 port 33621 [preauth]
Mar 13 11:56:27 localhost sshd[6354]: Failed password for root from 170.64.233.22 port 59030 ssh2
Mar 13 11:56:28 localhost sshd[6354]: Connection closed by authenticating user root 170.64.233.22 port 59030 [preauth]
Mar 13 11:56:29 localhost sshd[6356]: pam_unix(sshd:auth): authentication failure; logname= uid=0 euid=0 tty=ssh ruser= rhost=170.64.233.22  user=root
Mar 13 11:56:31 localhost sshd[6356]: Failed password for root from 170.64.233.22 port 59060 ssh2
Mar 13 11:56:32 localhost sshd[6356]: Connection closed by authenticating user root 170.64.233.22 port 59060 [preauth]
Mar 13 11:56:34 localhost sshd[6358]: pam_unix(sshd:auth): authentication failure; logname= uid=0 euid=0 tty=ssh ruser= rhost=170.64.233.22  user=root
Mar 13 11:56:36 localhost sshd[6358]: Failed password for root from 170.64.233.22 port 45648 ssh2
Mar 13 11:56:37 localhost sshd[6358]: Connection closed by authenticating user root 170.64.233.22 port 45648 [preauth]
Mar 13 11:56:38 localhost sshd[6362]: Invalid user gitlab from 170.64.233.22 port 45658
Mar 13 11:56:38 localhost sshd[6362]: pam_unix(sshd:auth): check pass; user unknown
Mar 13 11:56:38 localhost sshd[6362]: pam_unix(sshd:auth): authentication failure; logname= uid=0 euid=0 tty=ssh ruser= rhost=170.64.233.22 
Mar 13 11:56:40 localhost sshd[6362]: Failed password for invalid user gitlab from 170.64.233.22 port 45658 ssh2
Mar 13 11:56:41 localhost sshd[6362]: Connection closed by invalid user gitlab 170.64.233.22 port 45658 [preauth]
Mar 13 11:56:43 localhost sshd[6364]: pam_unix(sshd:auth): authentication failure; logname= uid=0 euid=0 tty=ssh ruser= rhost=170.64.233.22  user=backup
Mar 13 11:56:45 localhost sshd[6364]: Failed password for backup from 170.64.233.22 port 45672 ssh2
Mar 13 11:56:46 localhost sshd[6364]: Connection closed by authenticating user backup 170.64.233.22 port 45672 [preauth]
Mar 13 11:56:47 localhost sshd[6366]: Invalid user guest from 170.64.233.22 port 37470
Mar 13 11:56:48 localhost sshd[6366]: pam_unix(sshd:auth): check pass; user unknown
Mar 13 11:56:48 localhost sshd[6366]: pam_unix(sshd:auth): authentication failure; logname= uid=0 euid=0 tty=ssh ruser= rhost=170.64.233.22 
Mar 13 11:56:50 localhost sshd[6366]: Failed password for invalid user guest from 170.64.233.22 port 37470 ssh2
Mar 13 11:56:51 localhost sshd[6366]: Connection closed by invalid user guest 170.64.233.22 port 37470 [preauth]
Mar 13 11:56:52 localhost sshd[6368]: Invalid user elastic from 170.64.233.22 port 37482
Mar 13 11:56:52 localhost sshd[6368]: pam_unix(sshd:auth): check pass; user unknown
Mar 13 11:56:52 localhost sshd[6368]: pam_unix(sshd:auth): authentication failure; logname= uid=0 euid=0 tty=ssh ruser= rhost=170.64.233.22 
Mar 13 11:56:53 localhost sshd[6368]: Failed password for invalid user elastic from 170.64.233.22 port 37482 ssh2
Mar 13 11:56:55 localhost sshd[6368]: Connection closed by invalid user elastic 170.64.233.22 port 37482 [preauth]
Mar 13 11:56:56 localhost sshd[6370]: Invalid user gitlab-runner from 170.64.233.22 port 34268
Mar 13 11:56:57 localhost sshd[6370]: pam_unix(sshd:auth): check pass; user unknown
Mar 13 11:56:57 localhost sshd[6370]: pam_unix(sshd:auth): authentication failure; logname= uid=0 euid=0 tty=ssh ruser= rhost=170.64.233.22 
Mar 13 11:56:58 localhost sshd[6370]: Failed password for invalid user gitlab-runner from 170.64.233.22 port 34268 ssh2
Mar 13 11:56:59 localhost sshd[6370]: Connection closed by invalid user gitlab-runner 170.64.233.22 port 34268 [preauth]
Mar 13 11:57:01 localhost sshd[6372]: Invalid user postgres from 170.64.233.22 port 34298
Mar 13 11:57:01 localhost sshd[6372]: pam_unix(sshd:auth): check pass; user unknown
Mar 13 11:57:01 localhost sshd[6372]: pam_unix(sshd:auth): authentication failure; logname= uid=0 euid=0 tty=ssh ruser= rhost=170.64.233.22 
Mar 13 11:57:04 localhost sshd[6372]: Failed password for invalid user postgres from 170.64.233.22 port 34298 ssh2
Mar 13 11:57:05 localhost sshd[6372]: Connection closed by invalid user postgres 170.64.233.22 port 34298 [preauth]
Mar 13 11:57:06 localhost sshd[6374]: pam_unix(sshd:auth): authentication failure; logname= uid=0 euid=0 tty=ssh ruser= rhost=170.64.233.22  user=root
Mar 13 11:57:09 localhost sshd[6374]: Failed password for root from 170.64.233.22 port 39230 ssh2
Mar 13 11:57:09 localhost sshd[6374]: Connection closed by authenticating user root 170.64.233.22 port 39230 [preauth]
Mar 13 11:57:11 localhost sshd[6376]: pam_unix(sshd:auth): authentication failure; logname= uid=0 euid=0 tty=ssh ruser= rhost=170.64.233.22  user=root
Mar 13 11:57:13 localhost sshd[6376]: Failed password for root from 170.64.233.22 port 39238 ssh2
Mar 13 11:57:14 localhost sshd[6376]: Connection closed by authenticating user root 170.64.233.22 port 39238 [preauth]
Mar 13 11:57:15 localhost sshd[6378]: Accepted password for root from 20.42.48.64 port 40000 ssh2
Mar 13 11:57:15 localhost sshd[6378]: pam_unix(sshd:session): session opened for user root(uid=0) by (uid=0)
Mar 13 11:57:15 localhost systemd-logind[607]: New session 137 of user root.
Mar 13 11:57:15 localhost systemd: pam_unix(systemd-user:session): session opened for user root(uid=0) by (uid=0)
Mar 13 11:57:15 localhost sshd[6380]: Invalid user samba from 170.64.233.22 port 59270
Mar 13 11:57:16 localhost sshd[6380]: pam_unix(sshd:auth): check pass; user unknown
Mar 13 11:57:16 localhost sshd[6380]: pam_unix(sshd:auth): authentication failure; logname= uid=0 euid=0 tty=ssh ruser= rhost=170.64.233.22 
Mar 13 11:57:17 localhost sshd[6380]: Failed password for invalid user samba from 170.64.233.22 port 59270 ssh2
Mar 13 11:57:18 localhost sshd[6380]: Connection closed by invalid user samba 170.64.233.22 port 59270 [preauth]
Mar 13 11:57:20 localhost sshd[6450]: pam_unix(sshd:auth): authentication failure; logname= uid=0 euid=0 tty=ssh ruser= rhost=115.247.46.122  user=root
Mar 13 11:57:20 localhost sshd[6448]: pam_unix(sshd:auth): authentication failure; logname= uid=0 euid=0 tty=ssh ruser= rhost=170.64.233.22  user=root
Mar 13 11:57:22 localhost sshd[6450]: Failed password for root from 115.247.46.122 port 39198 ssh2
Mar 13 11:57:23 localhost sshd[6448]: Failed password for root from 170.64.233.22 port 59300 ssh2
Mar 13 11:57:23 localhost sshd[6450]: Received disconnect from 115.247.46.122 port 39198:11: Bye Bye [preauth]
Mar 13 11:57:23 localhost sshd[6450]: Disconnected from authenticating user root 115.247.46.122 port 39198 [preauth]
Mar 13 11:57:23 localhost sshd[6448]: Connection closed by authenticating user root 170.64.233.22 port 59300 [preauth]
Mar 13 11:57:24 localhost sshd[6452]: Invalid user uftp from 170.64.233.22 port 45036
Mar 13 11:57:25 localhost sshd[6452]: pam_unix(sshd:auth): check pass; user unknown
Mar 13 11:57:25 localhost sshd[6452]: pam_unix(sshd:auth): authentication failure; logname= uid=0 euid=0 tty=ssh ruser= rhost=170.64.233.22 
Mar 13 11:57:27 localhost sshd[6452]: Failed password for invalid user uftp from 170.64.233.22 port 45036 ssh2
Mar 13 11:57:28 localhost sshd[6452]: Connection closed by invalid user uftp 170.64.233.22 port 45036 [preauth]
Mar 13 11:57:30 localhost sshd[6454]: Invalid user sadmin from 170.64.233.22 port 45050
Mar 13 11:57:30 localhost sshd[6454]: pam_unix(sshd:auth): check pass; user unknown
Mar 13 11:57:30 localhost sshd[6454]: pam_unix(sshd:auth): authentication failure; logname= uid=0 euid=0 tty=ssh ruser= rhost=170.64.233.22 
Mar 13 11:57:32 localhost sshd[6378]: Received disconnect from 20.42.48.64 port 40000:11: disconnected by user
Mar 13 11:57:32 localhost sshd[6378]: Disconnected from user root 20.42.48.64 port 40000
Mar 13 11:57:32 localhost sshd[6378]: pam_unix(sshd:session): session closed for user root
Mar 13 11:57:32 localhost systemd-logind[607]: Session 137 logged out. Waiting for processes to exit.
Mar 13 11:57:32 localhost systemd-logind[607]: Removed session 137.
Mar 13 11:57:32 localhost sshd[6454]: Failed password for invalid user sadmin from 170.64.233.22 port 45050 ssh2
Mar 13 11:57:33 localhost sshd[6454]: Connection closed by invalid user sadmin 170.64.233.22 port 45050 [preauth]
Mar 13 11:57:34 localhost sshd[6457]: Invalid user gitlab from 170.64.233.22 port 58766
Mar 13 11:57:34 localhost sshd[6457]: pam_unix(sshd:auth): check pass; user unknown
Mar 13 11:57:34 localhost sshd[6457]: pam_unix(sshd:auth): authentication failure; logname= uid=0 euid=0 tty=ssh ruser= rhost=170.64.233.22 
Mar 13 11:57:36 localhost sshd[6457]: Failed password for invalid user gitlab from 170.64.233.22 port 58766 ssh2
Mar 13 11:57:38 localhost sshd[6457]: Connection closed by invalid user gitlab 170.64.233.22 port 58766 [preauth]
Mar 13 11:57:39 localhost sshd[6459]: Invalid user oracle from 170.64.233.22 port 58782
Mar 13 11:57:39 localhost sshd[6459]: pam_unix(sshd:auth): check pass; user unknown
Mar 13 11:57:39 localhost sshd[6459]: pam_unix(sshd:auth): authentication failure; logname= uid=0 euid=0 tty=ssh ruser= rhost=170.64.233.22 
Mar 13 11:57:41 localhost sshd[6459]: Failed password for invalid user oracle from 170.64.233.22 port 58782 ssh2
Mar 13 11:57:42 localhost sshd[6459]: Connection closed by invalid user oracle 170.64.233.22 port 58782 [preauth]
Mar 13 11:57:43 localhost sshd[6461]: pam_unix(sshd:auth): authentication failure; logname= uid=0 euid=0 tty=ssh ruser= rhost=170.64.233.22  user=root
Mar 13 11:57:46 localhost sshd[6461]: Failed password for root from 170.64.233.22 port 41942 ssh2
Mar 13 11:57:46 localhost sshd[6461]: Connection closed by authenticating user root 170.64.233.22 port 41942 [preauth]
Mar 13 11:57:48 localhost sshd[6464]: pam_unix(sshd:auth): authentication failure; logname= uid=0 euid=0 tty=ssh ruser= rhost=170.64.233.22  user=root
Mar 13 11:57:51 localhost sshd[6464]: Failed password for root from 170.64.233.22 port 41954 ssh2
Mar 13 11:57:52 localhost sshd[6464]: Connection closed by authenticating user root 170.64.233.22 port 41954 [preauth]
Mar 13 11:57:52 localhost sshd[6466]: Invalid user es from 170.64.233.22 port 41962
Mar 13 11:57:53 localhost sshd[6466]: pam_unix(sshd:auth): check pass; user unknown
Mar 13 11:57:53 localhost sshd[6466]: pam_unix(sshd:auth): authentication failure; logname= uid=0 euid=0 tty=ssh ruser= rhost=170.64.233.22 
Mar 13 11:57:55 localhost sshd[6466]: Failed password for invalid user es from 170.64.233.22 port 41962 ssh2
Mar 13 11:57:55 localhost sshd[6466]: Connection closed by invalid user es 170.64.233.22 port 41962 [preauth]
Mar 13 11:57:56 localhost sshd[6468]: Invalid user user2 from 170.64.233.22 port 57562
Mar 13 11:57:57 localhost sshd[6468]: pam_unix(sshd:auth): check pass; user unknown
Mar 13 11:57:57 localhost sshd[6468]: pam_unix(sshd:auth): authentication failure; logname= uid=0 euid=0 tty=ssh ruser= rhost=170.64.233.22 
Mar 13 11:57:58 localhost sshd[6468]: Failed password for invalid user user2 from 170.64.233.22 port 57562 ssh2
Mar 13 11:57:59 localhost sshd[6468]: Connection closed by invalid user user2 170.64.233.22 port 57562 [preauth]
Mar 13 11:58:01 localhost sshd[6470]: Invalid user stream from 170.64.233.22 port 57574
Mar 13 11:58:01 localhost sshd[6470]: pam_unix(sshd:auth): check pass; user unknown
Mar 13 11:58:01 localhost sshd[6470]: pam_unix(sshd:auth): authentication failure; logname= uid=0 euid=0 tty=ssh ruser= rhost=170.64.233.22 
Mar 13 11:58:03 localhost sshd[6470]: Failed password for invalid user stream from 170.64.233.22 port 57574 ssh2
Mar 13 11:58:05 localhost sshd[6470]: Connection closed by invalid user stream 170.64.233.22 port 57574 [preauth]
Mar 13 11:58:05 localhost sshd[6472]: Invalid user jenkins from 170.64.233.22 port 43822
Mar 13 11:58:06 localhost sshd[6472]: pam_unix(sshd:auth): check pass; user unknown
Mar 13 11:58:06 localhost sshd[6472]: pam_unix(sshd:auth): authentication failure; logname= uid=0 euid=0 tty=ssh ruser= rhost=170.64.233.22 
Mar 13 11:58:08 localhost sshd[6472]: Failed password for invalid user jenkins from 170.64.233.22 port 43822 ssh2
Mar 13 11:58:09 localhost sshd[6472]: Connection closed by invalid user jenkins 170.64.233.22 port 43822 [preauth]
Mar 13 11:58:10 localhost sshd[6474]: Invalid user es from 170.64.233.22 port 43832
Mar 13 11:58:11 localhost sshd[6474]: pam_unix(sshd:auth): check pass; user unknown
Mar 13 11:58:11 localhost sshd[6474]: pam_unix(sshd:auth): authentication failure; logname= uid=0 euid=0 tty=ssh ruser= rhost=170.64.233.22 
Mar 13 11:58:13 localhost sshd[6474]: Failed password for invalid user es from 170.64.233.22 port 43832 ssh2
Mar 13 11:58:13 localhost sshd[6474]: Connection closed by invalid user es 170.64.233.22 port 43832 [preauth]
Mar 13 11:58:15 localhost sshd[6476]: Invalid user debian from 170.64.233.22 port 60042
Mar 13 11:58:15 localhost sshd[6476]: pam_unix(sshd:auth): check pass; user unknown
Mar 13 11:58:15 localhost sshd[6476]: pam_unix(sshd:auth): authentication failure; logname= uid=0 euid=0 tty=ssh ruser= rhost=170.64.233.22 
Mar 13 11:58:17 localhost sshd[6476]: Failed password for invalid user debian from 170.64.233.22 port 60042 ssh2
Mar 13 11:58:19 localhost sshd[6478]: pam_unix(sshd:auth): authentication failure; logname= uid=0 euid=0 tty=ssh ruser= rhost=159.203.12.184  user=root
Mar 13 11:58:19 localhost sshd[6476]: Connection closed by invalid user debian 170.64.233.22 port 60042 [preauth]
Mar 13 11:58:19 localhost sshd[6480]: Invalid user apache from 170.64.233.22 port 60046
Mar 13 11:58:20 localhost sshd[6480]: pam_unix(sshd:auth): check pass; user unknown
Mar 13 11:58:20 localhost sshd[6480]: pam_unix(sshd:auth): authentication failure; logname= uid=0 euid=0 tty=ssh ruser= rhost=170.64.233.22 
Mar 13 11:58:21 localhost sshd[6478]: Failed password for root from 159.203.12.184 port 53534 ssh2
Mar 13 11:58:21 localhost sshd[6480]: Failed password for invalid user apache from 170.64.233.22 port 60046 ssh2
Mar 13 11:58:22 localhost sshd[6478]: Connection closed by authenticating user root 159.203.12.184 port 53534 [preauth]
Mar 13 11:58:23 localhost sshd[6480]: Connection closed by invalid user apache 170.64.233.22 port 60046 [preauth]
Mar 13 11:58:24 localhost sshd[6482]: Invalid user nginx from 170.64.233.22 port 58250
Mar 13 11:58:24 localhost sshd[6482]: pam_unix(sshd:auth): check pass; user unknown
Mar 13 11:58:24 localhost sshd[6482]: pam_unix(sshd:auth): authentication failure; logname= uid=0 euid=0 tty=ssh ruser= rhost=170.64.233.22 
Mar 13 11:58:26 localhost sshd[6482]: Failed password for invalid user nginx from 170.64.233.22 port 58250 ssh2
Mar 13 11:58:27 localhost sshd[6482]: Connection closed by invalid user nginx 170.64.233.22 port 58250 [preauth]
Mar 13 11:58:29 localhost sshd[6484]: Invalid user minecraft from 170.64.233.22 port 58256
Mar 13 11:58:29 localhost sshd[6484]: pam_unix(sshd:auth): check pass; user unknown
Mar 13 11:58:29 localhost sshd[6484]: pam_unix(sshd:auth): authentication failure; logname= uid=0 euid=0 tty=ssh ruser= rhost=170.64.233.22 
Mar 13 11:58:29 localhost sshd[6486]: pam_unix(sshd:auth): authentication failure; logname= uid=0 euid=0 tty=ssh ruser= rhost=115.247.46.122  user=root
Mar 13 11:58:31 localhost sshd[6484]: Failed password for invalid user minecraft from 170.64.233.22 port 58256 ssh2
Mar 13 11:58:31 localhost sshd[6486]: Failed password for root from 115.247.46.122 port 33520 ssh2
Mar 13 11:58:32 localhost sshd[6486]: Received disconnect from 115.247.46.122 port 33520:11: Bye Bye [preauth]
Mar 13 11:58:32 localhost sshd[6486]: Disconnected from authenticating user root 115.247.46.122 port 33520 [preauth]
Mar 13 11:58:33 localhost sshd[6484]: Connection closed by invalid user minecraft 170.64.233.22 port 58256 [preauth]
Mar 13 11:58:33 localhost sshd[6488]: Invalid user ranger from 170.64.233.22 port 39810
Mar 13 11:58:33 localhost sshd[6488]: pam_unix(sshd:auth): check pass; user unknown
Mar 13 11:58:33 localhost sshd[6488]: pam_unix(sshd:auth): authentication failure; logname= uid=0 euid=0 tty=ssh ruser= rhost=170.64.233.22 
Mar 13 11:58:35 localhost sshd[6488]: Failed password for invalid user ranger from 170.64.233.22 port 39810 ssh2
Mar 13 11:58:37 localhost sshd[6488]: Connection closed by invalid user ranger 170.64.233.22 port 39810 [preauth]
Mar 13 11:58:38 localhost sshd[6490]: Invalid user g from 170.64.233.22 port 39814
Mar 13 11:58:38 localhost sshd[6490]: pam_unix(sshd:auth): check pass; user unknown
Mar 13 11:58:38 localhost sshd[6490]: pam_unix(sshd:auth): authentication failure; logname= uid=0 euid=0 tty=ssh ruser= rhost=170.64.233.22 
Mar 13 11:58:40 localhost sshd[6490]: Failed password for invalid user g from 170.64.233.22 port 39814 ssh2
Mar 13 11:58:42 localhost sshd[6490]: Connection closed by invalid user g 170.64.233.22 port 39814 [preauth]
Mar 13 11:58:42 localhost sshd[6492]: Invalid user debian from 170.64.233.22 port 33594
Mar 13 11:58:43 localhost sshd[6492]: pam_unix(sshd:auth): check pass; user unknown
Mar 13 11:58:43 localhost sshd[6492]: pam_unix(sshd:auth): authentication failure; logname= uid=0 euid=0 tty=ssh ruser= rhost=170.64.233.22 
Mar 13 11:58:45 localhost sshd[6492]: Failed password for invalid user debian from 170.64.233.22 port 33594 ssh2
Mar 13 11:58:46 localhost sshd[6492]: Connection closed by invalid user debian 170.64.233.22 port 33594 [preauth]
Mar 13 11:58:48 localhost sshd[6494]: pam_unix(sshd:auth): authentication failure; logname= uid=0 euid=0 tty=ssh ruser= rhost=170.64.233.22  user=root
Mar 13 11:58:50 localhost sshd[6494]: Failed password for root from 170.64.233.22 port 33604 ssh2
Mar 13 11:58:51 localhost sshd[6494]: Connection closed by authenticating user root 170.64.233.22 port 33604 [preauth]
Mar 13 11:58:52 localhost sshd[6496]: Invalid user tom from 170.64.233.22 port 33618
Mar 13 11:58:52 localhost sshd[6496]: pam_unix(sshd:auth): check pass; user unknown
Mar 13 11:58:52 localhost sshd[6496]: pam_unix(sshd:auth): authentication failure; logname= uid=0 euid=0 tty=ssh ruser= rhost=170.64.233.22 
Mar 13 11:58:54 localhost sshd[6496]: Failed password for invalid user tom from 170.64.233.22 port 33618 ssh2
Mar 13 11:58:56 localhost sshd[6496]: Connection closed by invalid user tom 170.64.233.22 port 33618 [preauth]
Mar 13 11:58:56 localhost sshd[6498]: pam_unix(sshd:auth): authentication failure; logname= uid=0 euid=0 tty=ssh ruser= rhost=170.64.233.22  user=root
Mar 13 11:58:58 localhost sshd[6498]: Failed password for root from 170.64.233.22 port 39372 ssh2
Mar 13 11:58:59 localhost sshd[6498]: Connection closed by authenticating user root 170.64.233.22 port 39372 [preauth]
Mar 13 11:59:00 localhost sshd[6500]: Invalid user elsearch from 170.64.233.22 port 39374
Mar 13 11:59:01 localhost sshd[6500]: pam_unix(sshd:auth): check pass; user unknown
Mar 13 11:59:01 localhost sshd[6500]: pam_unix(sshd:auth): authentication failure; logname= uid=0 euid=0 tty=ssh ruser= rhost=170.64.233.22 
Mar 13 11:59:03 localhost sshd[6500]: Failed password for invalid user elsearch from 170.64.233.22 port 39374 ssh2
Mar 13 11:59:04 localhost sshd[6500]: Connection closed by invalid user elsearch 170.64.233.22 port 39374 [preauth]
Mar 13 11:59:05 localhost sshd[6502]: Invalid user odoo17 from 170.64.233.22 port 48302
Mar 13 11:59:06 localhost sshd[6502]: pam_unix(sshd:auth): check pass; user unknown
Mar 13 11:59:06 localhost sshd[6502]: pam_unix(sshd:auth): authentication failure; logname= uid=0 euid=0 tty=ssh ruser= rhost=170.64.233.22 
Mar 13 11:59:08 localhost sshd[6502]: Failed password for invalid user odoo17 from 170.64.233.22 port 48302 ssh2
Mar 13 11:59:09 localhost sshd[6502]: Connection closed by invalid user odoo17 170.64.233.22 port 48302 [preauth]
Mar 13 11:59:10 localhost sshd[6504]: pam_unix(sshd:auth): authentication failure; logname= uid=0 euid=0 tty=ssh ruser= rhost=170.64.233.22  user=root
Mar 13 11:59:12 localhost sshd[6504]: Failed password for root from 170.64.233.22 port 48312 ssh2
Mar 13 11:59:13 localhost sshd[6504]: Connection closed by authenticating user root 170.64.233.22 port 48312 [preauth]
Mar 13 11:59:14 localhost sshd[6506]: Invalid user git from 170.64.233.22 port 57060
Mar 13 11:59:14 localhost sshd[6506]: pam_unix(sshd:auth): check pass; user unknown
Mar 13 11:59:14 localhost sshd[6506]: pam_unix(sshd:auth): authentication failure; logname= uid=0 euid=0 tty=ssh ruser= rhost=170.64.233.22 
Mar 13 11:59:16 localhost sshd[6506]: Failed password for invalid user git from 170.64.233.22 port 57060 ssh2
Mar 13 11:59:17 localhost sshd[6508]: Invalid user ftm from 92.118.39.75 port 44796
Mar 13 11:59:17 localhost sshd[6508]: pam_unix(sshd:auth): check pass; user unknown
Mar 13 11:59:17 localhost sshd[6508]: pam_unix(sshd:auth): authentication failure; logname= uid=0 euid=0 tty=ssh ruser= rhost=92.118.39.75 
Mar 13 11:59:18 localhost sshd[6506]: Connection closed by invalid user git 170.64.233.22 port 57060 [preauth]
Mar 13 11:59:19 localhost sshd[6510]: Invalid user postgres from 170.64.233.22 port 57072
Mar 13 11:59:19 localhost sshd[6508]: Failed password for invalid user ftm from 92.118.39.75 port 44796 ssh2
Mar 13 11:59:19 localhost sshd[6510]: pam_unix(sshd:auth): check pass; user unknown
Mar 13 11:59:19 localhost sshd[6510]: pam_unix(sshd:auth): authentication failure; logname= uid=0 euid=0 tty=ssh ruser= rhost=170.64.233.22 
Mar 13 11:59:21 localhost sshd[6508]: Connection closed by invalid user ftm 92.118.39.75 port 44796 [preauth]
Mar 13 11:59:21 localhost sshd[6510]: Failed password for invalid user postgres from 170.64.233.22 port 57072 ssh2
Mar 13 11:59:23 localhost sshd[6513]: Invalid user opc from 170.64.233.22 port 49710
Mar 13 11:59:23 localhost sshd[6510]: Connection closed by invalid user postgres 170.64.233.22 port 57072 [preauth]
Mar 13 11:59:23 localhost sshd[6513]: pam_unix(sshd:auth): check pass; user unknown
Mar 13 11:59:23 localhost sshd[6513]: pam_unix(sshd:auth): authentication failure; logname= uid=0 euid=0 tty=ssh ruser= rhost=170.64.233.22 
Mar 13 11:59:25 localhost sshd[6513]: Failed password for invalid user opc from 170.64.233.22 port 49710 ssh2
Mar 13 11:59:25 localhost sshd[6513]: Connection closed by invalid user opc 170.64.233.22 port 49710 [preauth]
Mar 13 11:59:27 localhost sshd[6515]: Invalid user lighthouse from 170.64.233.22 port 49712
Mar 13 11:59:27 localhost sshd[6515]: pam_unix(sshd:auth): check pass; user unknown
Mar 13 11:59:27 localhost sshd[6515]: pam_unix(sshd:auth): authentication failure; logname= uid=0 euid=0 tty=ssh ruser= rhost=170.64.233.22 
Mar 13 11:59:30 localhost sshd[6515]: Failed password for invalid user lighthouse from 170.64.233.22 port 49712 ssh2
Mar 13 11:59:31 localhost sshd[6515]: Connection closed by invalid user lighthouse 170.64.233.22 port 49712 [preauth]
Mar 13 11:59:32 localhost sshd[6517]: Invalid user ftp from 170.64.233.22 port 49714
Mar 13 11:59:32 localhost sshd[6517]: pam_unix(sshd:auth): check pass; user unknown
Mar 13 11:59:32 localhost sshd[6517]: pam_unix(sshd:auth): authentication failure; logname= uid=0 euid=0 tty=ssh ruser= rhost=170.64.233.22 
Mar 13 11:59:34 localhost sshd[6517]: Failed password for invalid user ftp from 170.64.233.22 port 49714 ssh2
Mar 13 11:59:35 localhost sshd[6517]: Connection closed by invalid user ftp 170.64.233.22 port 49714 [preauth]
Mar 13 11:59:38 localhost sshd[6519]: pam_unix(sshd:auth): authentication failure; logname= uid=0 euid=0 tty=ssh ruser= rhost=170.64.233.22  user=root
Mar 13 11:59:40 localhost sshd[6519]: Failed password for root from 170.64.233.22 port 48894 ssh2
Mar 13 11:59:40 localhost sshd[6521]: pam_unix(sshd:auth): authentication failure; logname= uid=0 euid=0 tty=ssh ruser= rhost=115.247.46.122  user=root
Mar 13 11:59:41 localhost sshd[6523]: Invalid user hadoop from 170.64.233.22 port 48910
Mar 13 11:59:41 localhost sshd[6519]: Connection closed by authenticating user root 170.64.233.22 port 48894 [preauth]
Mar 13 11:59:41 localhost sshd[6523]: pam_unix(sshd:auth): check pass; user unknown
